This is pdfTeX, Version 3.141592653-2.6-1.40.27 (TeX Live 2025) (preloaded format=pdflatex 2025.5.14)  27 MAY 2025 12:53
entering extended mode
 restricted \write18 enabled.
 %&-line parsing enabled.
**aa53923-25.tex
(./aa53923-25.tex
LaTeX2e <2024-11-01> patch level 2
L3 programming layer <2025-04-29>
(./aa.cls
Document Class: aa 2016/09/01{} v9.1{} Class for AA journal
(/home/sferrone/texlive/2025/texmf-dist/tex/latex/base/article.cls
Document Class: article 2024/06/29 v1.4n Standard LaTeX document class
(/home/sferrone/texlive/2025/texmf-dist/tex/latex/base/fleqn.clo
File: fleqn.clo 2016/12/29 v1.2b Standard LaTeX option (flush left equations)
\mathindent=\skip49
Applying: [2015/01/01] Make \[ robust on input line 50.
LaTeX Info: Redefining \[ on input line 51.
Already applied: [0000/00/00] Make \[ robust on input line 62.
Applying: [2015/01/01] Make \] robust on input line 74.
LaTeX Info: Redefining \] on input line 75.
Already applied: [0000/00/00] Make \] robust on input line 83.
)
(/home/sferrone/texlive/2025/texmf-dist/tex/latex/base/size10.clo
File: size10.clo 2024/06/29 v1.4n Standard LaTeX file (size option)
)
\c@part=\count272
\c@section=\count273
\c@subsection=\count274
\c@subsubsection=\count275
\c@paragraph=\count276
\c@subparagraph=\count277
\c@figure=\count278
\c@table=\count279
\abovecaptionskip=\skip50
\belowcaptionskip=\skip51
\bibindent=\dimen146
)
\aa@fullwidth=\skip52
\aa@fullheight=\skip53

(/home/sferrone/texlive/2025/texmf-dist/tex/latex/tools/calc.sty
Package: calc 2023/07/08 v4.3 Infix arithmetic (KKT,FJ)
\calc@Acount=\count280
\calc@Bcount=\count281
\calc@Adimen=\dimen147
\calc@Bdimen=\dimen148
\calc@Askip=\skip54
\calc@Bskip=\skip55
LaTeX Info: Redefining \setlength on input line 80.
LaTeX Info: Redefining \addtolength on input line 81.
\calc@Ccount=\count282
\calc@Cskip=\skip56
)
(/home/sferrone/texlive/2025/texmf-dist/tex/latex/etex-pkg/etex.sty
Package: etex 2016/08/01 v2.7 eTeX basic definition package (PEB,DPC)


Package etex Warning: Extended allocation already in use.
(etex)                etex.sty code will not be used.
(etex)                To force etex package to load, add
(etex)                \RequirePackage{etex}
(etex)                at the start of the document.

) (/home/sferrone/texlive/2025/texmf-dist/tex/latex/base/fontenc.sty
Package: fontenc 2021/04/29 v2.0v Standard LaTeX package
)
(/home/sferrone/texlive/2025/texmf-dist/tex/latex/base/inputenc.sty
Package: inputenc 2024/02/08 v1.3d Input encoding file
\inpenc@prehook=\toks17
\inpenc@posthook=\toks18
)
(/home/sferrone/texlive/2025/texmf-dist/tex/latex/geometry/geometry.sty
Package: geometry 2020/01/02 v5.9 Page Geometry

(/home/sferrone/texlive/2025/texmf-dist/tex/latex/graphics/keyval.sty
Package: keyval 2022/05/29 v1.15 key=value parser (DPC)
\KV@toks@=\toks19
)
(/home/sferrone/texlive/2025/texmf-dist/tex/generic/iftex/ifvtex.sty
Package: ifvtex 2019/10/25 v1.7 ifvtex legacy package. Use iftex instead.

(/home/sferrone/texlive/2025/texmf-dist/tex/generic/iftex/iftex.sty
Package: iftex 2024/12/12 v1.0g TeX engine tests
))
\Gm@cnth=\count283
\Gm@cntv=\count284
\c@Gm@tempcnt=\count285
\Gm@bindingoffset=\dimen149
\Gm@wd@mp=\dimen150
\Gm@odd@mp=\dimen151
\Gm@even@mp=\dimen152
\Gm@layoutwidth=\dimen153
\Gm@layoutheight=\dimen154
\Gm@layouthoffset=\dimen155
\Gm@layoutvoffset=\dimen156
\Gm@dimlist=\toks20
)
(/home/sferrone/texlive/2025/texmf-dist/tex/latex/setspace/setspace.sty
Package: setspace 2022/12/04 v6.7b set line spacing
)
(/home/sferrone/texlive/2025/texmf-dist/tex/latex/fancyhdr/fancyhdr.sty
Package: fancyhdr 2025/02/07 v5.2 Extensive control of page headers and footers

\f@nch@headwidth=\skip57
\f@nch@offset@elh=\skip58
\f@nch@offset@erh=\skip59
\f@nch@offset@olh=\skip60
\f@nch@offset@orh=\skip61
\f@nch@offset@elf=\skip62
\f@nch@offset@erf=\skip63
\f@nch@offset@olf=\skip64
\f@nch@offset@orf=\skip65
\f@nch@height=\skip66
\f@nch@footalignment=\skip67
\f@nch@widthL=\skip68
\f@nch@widthC=\skip69
\f@nch@widthR=\skip70
\@temptokenb=\toks21
)
(/home/sferrone/texlive/2025/texmf-dist/tex/latex/sttools/cuted.sty
Package: cuted 2025/01/29 v2.4 Mixing onecolumn and twocolumn modes (ST)
\At@ViperColsBreak=\toks22
\preCutedStrip=\toks23
\postCutedStrip=\toks24
\cuted@@tempbox@a=\box53
\cuted@@tempbox@c=\box54
\cuted@@tempbox@var=\box55
\hold@viper=\box56
\@viper=\box57
\cuted@@varbox@a=\box58
\cuted@@varbox@c=\box59
\cuted@@tempdim@spread=\dimen157
\cuted@@tempdim@a=\dimen158
\cuted@@tempdim@b=\dimen159
\ht@hold@viper=\dimen160
\ht@viper=\dimen161
\var@@pagediscards@ht=\dimen162
\stripsep=\skip71
\viper@penalty=\count286
\strip@page@discards=\dimen163
)
(/home/sferrone/texlive/2025/texmf-dist/tex/latex/amsmath/amsmath.sty
Package: amsmath 2024/11/05 v2.17t AMS math features
\@mathmargin=\skip72

For additional information on amsmath, use the `?' option.
(/home/sferrone/texlive/2025/texmf-dist/tex/latex/amsmath/amstext.sty
Package: amstext 2021/08/26 v2.01 AMS text

(/home/sferrone/texlive/2025/texmf-dist/tex/latex/amsmath/amsgen.sty
File: amsgen.sty 1999/11/30 v2.0 generic functions
\@emptytoks=\toks25
\ex@=\dimen164
))
(/home/sferrone/texlive/2025/texmf-dist/tex/latex/amsmath/amsbsy.sty
Package: amsbsy 1999/11/29 v1.2d Bold Symbols
\pmbraise@=\dimen165
)
(/home/sferrone/texlive/2025/texmf-dist/tex/latex/amsmath/amsopn.sty
Package: amsopn 2022/04/08 v2.04 operator names
)
\inf@bad=\count287
LaTeX Info: Redefining \frac on input line 233.
\uproot@=\count288
\leftroot@=\count289
LaTeX Info: Redefining \overline on input line 398.
LaTeX Info: Redefining \colon on input line 409.
\classnum@=\count290
\DOTSCASE@=\count291
LaTeX Info: Redefining \ldots on input line 495.
LaTeX Info: Redefining \dots on input line 498.
LaTeX Info: Redefining \cdots on input line 619.
\Mathstrutbox@=\box60
\strutbox@=\box61
LaTeX Info: Redefining \big on input line 721.
LaTeX Info: Redefining \Big on input line 722.
LaTeX Info: Redefining \bigg on input line 723.
LaTeX Info: Redefining \Bigg on input line 724.
\big@size=\dimen166
LaTeX Font Info:    Redeclaring font encoding OML on input line 742.
LaTeX Font Info:    Redeclaring font encoding OMS on input line 743.
\macc@depth=\count292
LaTeX Info: Redefining \bmod on input line 904.
LaTeX Info: Redefining \pmod on input line 909.
LaTeX Info: Redefining \smash on input line 939.
LaTeX Info: Redefining \relbar on input line 969.
LaTeX Info: Redefining \Relbar on input line 970.
\c@MaxMatrixCols=\count293
\dotsspace@=\muskip17
\c@parentequation=\count294
\dspbrk@lvl=\count295
\tag@help=\toks26
\row@=\count296
\column@=\count297
\maxfields@=\count298
\andhelp@=\toks27
\eqnshift@=\dimen167
\alignsep@=\dimen168
\tagshift@=\dimen169
\tagwidth@=\dimen170
\totwidth@=\dimen171
\lineht@=\dimen172
\@envbody=\toks28
\multlinegap=\skip73
\multlinetaggap=\skip74
\mathdisplay@stack=\toks29
LaTeX Info: Redefining \[ on input line 2953.
LaTeX Info: Redefining \] on input line 2954.
)
(/home/sferrone/texlive/2025/texmf-dist/tex/latex/amsfonts/amssymb.sty
Package: amssymb 2013/01/14 v3.01 AMS font symbols

(/home/sferrone/texlive/2025/texmf-dist/tex/latex/amsfonts/amsfonts.sty
Package: amsfonts 2013/01/14 v3.01 Basic AMSFonts support
\symAMSa=\mathgroup4
\symAMSb=\mathgroup5
LaTeX Font Info:    Redeclaring math symbol \hbar on input line 98.
LaTeX Font Info:    Overwriting math alphabet `\mathfrak' in version `bold'
(Font)                  U/euf/m/n --> U/euf/b/n on input line 106.
))
(/home/sferrone/texlive/2025/texmf-dist/tex/latex/url/url.sty
\Urlmuskip=\muskip18
Package: url 2013/09/16  ver 3.4  Verb mode for urls, etc.
)
(/home/sferrone/texlive/2025/texmf-dist/tex/latex/tools/enumerate.sty
Package: enumerate 2023/07/04 v3.00 enumerate extensions (DPC)
\@enLab=\toks30
)
(/home/sferrone/texlive/2025/texmf-dist/tex/latex/tools/longtable.sty
Package: longtable 2024-10-27 v4.22 Multi-page Table package (DPC)
\LTleft=\skip75
\LTright=\skip76
\LTpre=\skip77
\LTpost=\skip78
\LTchunksize=\count299
\LTcapwidth=\dimen173
\LT@head=\box62
\LT@firsthead=\box63
\LT@foot=\box64
\LT@lastfoot=\box65
\LT@gbox=\box66
\LT@cols=\count300
\LT@rows=\count301
\c@LT@tables=\count302
\c@LT@chunks=\count303
\LT@p@ftn=\toks31
)
(/home/sferrone/texlive/2025/texmf-dist/tex/latex/natbib/natbib.sty
Package: natbib 2010/09/13 8.31b (PWD, AO)
\bibhang=\skip79
\bibsep=\skip80
LaTeX Info: Redefining \cite on input line 694.
\c@NAT@ctr=\count304
)
(/home/sferrone/texlive/2025/texmf-dist/tex/latex/tools/xspace.sty
Package: xspace 2014/10/28 v1.13 Space after command names (DPC,MH)
)
(/home/sferrone/texlive/2025/texmf-dist/tex/generic/babel/babel.sty
Package: babel 2025/04/29 v25.8 The multilingual framework for pdfLaTeX, LuaLaT
eX and XeLaTeX
\babel@savecnt=\count305
\U@D=\dimen174
\l@unhyphenated=\language90

(/home/sferrone/texlive/2025/texmf-dist/tex/generic/babel/txtbabel.def)
\bbl@readstream=\read2
\bbl@dirlevel=\count306

(/home/sferrone/texlive/2025/texmf-dist/tex/generic/babel-english/english.ldf
Language: english 2017/06/06 v3.3r English support from the babel system

(/home/sferrone/texlive/2025/texmf-dist/tex/generic/babel/locale/en/babel-engli
sh.tex
Package babel Info: Importing font and identification data for english
(babel)             from babel-en.ini. Reported on input line 11.
)
Package babel Info: Hyphen rules for 'canadian' set to \l@english
(babel)             (\language0). Reported on input line 102.
Package babel Info: Hyphen rules for 'australian' set to \l@ukenglish
(babel)             (\language22). Reported on input line 105.
Package babel Info: Hyphen rules for 'newzealand' set to \l@ukenglish
(babel)             (\language22). Reported on input line 108.
))
(/home/sferrone/texlive/2025/texmf-dist/tex/latex/graphics/rotating.sty
Package: rotating 2016/08/11 v2.16d rotated objects in LaTeX

(/home/sferrone/texlive/2025/texmf-dist/tex/latex/graphics/graphicx.sty
Package: graphicx 2021/09/16 v1.2d Enhanced LaTeX Graphics (DPC,SPQR)

(/home/sferrone/texlive/2025/texmf-dist/tex/latex/graphics/graphics.sty
Package: graphics 2024/08/06 v1.4g Standard LaTeX Graphics (DPC,SPQR)

(/home/sferrone/texlive/2025/texmf-dist/tex/latex/graphics/trig.sty
Package: trig 2023/12/02 v1.11 sin cos tan (DPC)
)
(/home/sferrone/texlive/2025/texmf-dist/tex/latex/graphics-cfg/graphics.cfg
File: graphics.cfg 2016/06/04 v1.11 sample graphics configuration
)
Package graphics Info: Driver file: pdftex.def on input line 106.

(/home/sferrone/texlive/2025/texmf-dist/tex/latex/graphics-def/pdftex.def
File: pdftex.def 2024/04/13 v1.2c Graphics/color driver for pdftex
))
\Gin@req@height=\dimen175
\Gin@req@width=\dimen176
)
(/home/sferrone/texlive/2025/texmf-dist/tex/latex/base/ifthen.sty
Package: ifthen 2024/03/16 v1.1e Standard LaTeX ifthen package (DPC)
)
\c@r@tfl@t=\count307
\rotFPtop=\skip81
\rotFPbot=\skip82
\rot@float@box=\box67
\rot@mess@toks=\toks32
)
\aa@cnta=\count308
\aa@cntb=\count309
\aa@nbwords=\count310
\aa@nbauthors=\count311
\aa@nbinstitutes=\count312
\c@aa@institutecnt=\count313
\aa@savecounter=\count314
\aa@dima=\skip83
\aa@dimb=\skip84
\aa@dimc=\skip85
\VSpaceBeforeTheorem=\skip86
\VSpaceAfterTheorem=\skip87
\HSpaceIndentTheorem=\skip88
\HVSpaceSepTheorem=\skip89
\aa@securityheadmargin=\skip90
\aa@bleedmargin=\skip91
\aa@voffsetlettername=\skip92
\aa@hoffsetlettername=\skip93
\aa@hoffsetgray=\skip94
\aa@aftercontentsnameskip=\skip95
\aa@aftercontentsAutnameskip=\skip96
\aa@beforeheadboxskip=\skip97
\aa@afterheadboxskip=\skip98
\aa@beforetopicsskip=\skip99
\aa@aftertopicsskip=\skip100
\aa@afterletternameskip=\skip101
\aa@beforeletternameskip=\skip102
\aa@beforeheadnoteskip=\skip103
\aa@afterheadnoteskip=\skip104
\aa@aftertitleskip=\skip105
\aa@beforesubtitleskip=\skip106
\aa@aftersubtitleskip=\skip107
\aa@afterauthorskip=\skip108
\aa@beforedefaultheadnoteskip=\skip109
\aa@headingleftmargin=\skip110
\aa@headingrightmargin=\skip111
\aa@afterinstituteskip=\skip112
\aa@instituteindent=\skip113
\aa@afterdateskip=\skip114
\aa@afterdedicationskip=\skip115
\aa@afterabstractnameskip=\skip116
\aa@afterabstractskip=\skip117
\aa@aftersubabstractskip=\skip118
\aa@afterkeywordsskip=\skip119
\aa@beforeacknowledgementsskip=\skip120
\aa@afteracknowledgementsskip=\skip121
\aa@figgap=\skip122
\aa@sidecaptionminwidth=\skip123
\aa@sidecaptionwidth=\skip124
\VSpaceBeforeFigCaption=\skip125
\VSpaceAfterTabCaption=\skip126
\VSpaceBeforeTabBib=\skip127
\VSpaceBeforeTabFoot=\skip128
\aftertext=\skip129
\aa@entryboxwidth=\skip130
\betweenumberspace=\skip131
\authorlink=\toks33
\yearCop=\toks34
\aa@stripbox=\box68
\aa@outputbox=\box69
\c@AAproof=\count315
\c@AAtheorem=\count316

(./linenoaa.sty
Package: linenoaa 2023/03/12 v0.02

(/home/sferrone/texlive/2025/texmf-dist/tex/latex/lineno/lineno.sty
Package: lineno 2025/05/13 line numbers on paragraphs v5.5

(/home/sferrone/texlive/2025/texmf-dist/tex/latex/etoolbox/etoolbox.sty
Package: etoolbox 2025/02/11 v2.5l e-TeX tools for LaTeX (JAW)
\etb@tempcnta=\count317
)
(/home/sferrone/texlive/2025/texmf-dist/tex/latex/kvoptions/kvoptions.sty
Package: kvoptions 2022-06-15 v3.15 Key value format for package options (HO)

(/home/sferrone/texlive/2025/texmf-dist/tex/generic/ltxcmds/ltxcmds.sty
Package: ltxcmds 2023-12-04 v1.26 LaTeX kernel commands for general use (HO)
)
(/home/sferrone/texlive/2025/texmf-dist/tex/latex/kvsetkeys/kvsetkeys.sty
Package: kvsetkeys 2022-10-05 v1.19 Key value parser (HO)
))
\linenopenalty=\count318
\output=\toks35
\linenoprevgraf=\count319
\linenumbersep=\dimen177
\linenumberwidth=\dimen178
\c@linenumber=\count320
\c@pagewiselinenumber=\count321
\c@LN@truepage=\count322
\c@internallinenumber=\count323
\c@internallinenumbers=\count324
\quotelinenumbersep=\dimen179
\bframerule=\dimen180
\bframesep=\dimen181
\bframebox=\box70
\@LN@amsmath@ams@eqpen=\count325
)))
(/home/sferrone/texlive/2025/texmf-dist/tex/latex/hyperref/hyperref.sty
Package: hyperref 2024-11-05 v7.01l Hypertext links for LaTeX

(/home/sferrone/texlive/2025/texmf-dist/tex/generic/kvdefinekeys/kvdefinekeys.s
ty
Package: kvdefinekeys 2019-12-19 v1.6 Define keys (HO)
) (/home/sferrone/texlive/2025/texmf-dist/tex/generic/pdfescape/pdfescape.sty
Package: pdfescape 2019/12/09 v1.15 Implements pdfTeX's escape features (HO)
(/home/sferrone/texlive/2025/texmf-dist/tex/generic/pdftexcmds/pdftexcmds.sty
Package: pdftexcmds 2020-06-27 v0.33 Utility functions of pdfTeX for LuaTeX (HO
)

(/home/sferrone/texlive/2025/texmf-dist/tex/generic/infwarerr/infwarerr.sty
Package: infwarerr 2019/12/03 v1.5 Providing info/warning/error messages (HO)
)
Package pdftexcmds Info: \pdf@primitive is available.
Package pdftexcmds Info: \pdf@ifprimitive is available.
Package pdftexcmds Info: \pdfdraftmode found.
))
(/home/sferrone/texlive/2025/texmf-dist/tex/latex/hycolor/hycolor.sty
Package: hycolor 2020-01-27 v1.10 Color options for hyperref/bookmark (HO)
)
(/home/sferrone/texlive/2025/texmf-dist/tex/latex/hyperref/nameref.sty
Package: nameref 2023-11-26 v2.56 Cross-referencing by name of section

(/home/sferrone/texlive/2025/texmf-dist/tex/latex/refcount/refcount.sty
Package: refcount 2019/12/15 v3.6 Data extraction from label references (HO)
)
(/home/sferrone/texlive/2025/texmf-dist/tex/generic/gettitlestring/gettitlestri
ng.sty
Package: gettitlestring 2019/12/15 v1.6 Cleanup title references (HO)
)
\c@section@level=\count326
)
(/home/sferrone/texlive/2025/texmf-dist/tex/generic/stringenc/stringenc.sty
Package: stringenc 2019/11/29 v1.12 Convert strings between diff. encodings (HO
)
)
\@linkdim=\dimen182
\Hy@linkcounter=\count327
\Hy@pagecounter=\count328

(/home/sferrone/texlive/2025/texmf-dist/tex/latex/hyperref/pd1enc.def
File: pd1enc.def 2024-11-05 v7.01l Hyperref: PDFDocEncoding definition (HO)
Now handling font encoding PD1 ...
... no UTF-8 mapping file for font encoding PD1
)
(/home/sferrone/texlive/2025/texmf-dist/tex/generic/intcalc/intcalc.sty
Package: intcalc 2019/12/15 v1.3 Expandable calculations with integers (HO)
)
\Hy@SavedSpaceFactor=\count329

(/home/sferrone/texlive/2025/texmf-dist/tex/latex/hyperref/puenc.def
File: puenc.def 2024-11-05 v7.01l Hyperref: PDF Unicode definition (HO)
Now handling font encoding PU ...
... no UTF-8 mapping file for font encoding PU
)
Package hyperref Info: Hyper figures OFF on input line 4157.
Package hyperref Info: Link nesting OFF on input line 4162.
Package hyperref Info: Hyper index ON on input line 4165.
Package hyperref Info: Plain pages OFF on input line 4172.
Package hyperref Info: Backreferencing OFF on input line 4177.
Package hyperref Info: Implicit mode ON; LaTeX internals redefined.
Package hyperref Info: Bookmarks ON on input line 4424.
\c@Hy@tempcnt=\count330
LaTeX Info: Redefining \url on input line 4763.
\XeTeXLinkMargin=\dimen183

(/home/sferrone/texlive/2025/texmf-dist/tex/generic/bitset/bitset.sty
Package: bitset 2019/12/09 v1.3 Handle bit-vector datatype (HO)

(/home/sferrone/texlive/2025/texmf-dist/tex/generic/bigintcalc/bigintcalc.sty
Package: bigintcalc 2019/12/15 v1.5 Expandable calculations on big integers (HO
)
))
\Fld@menulength=\count331
\Field@Width=\dimen184
\Fld@charsize=\dimen185
Package hyperref Info: Hyper figures OFF on input line 6042.
Package hyperref Info: Link nesting OFF on input line 6047.
Package hyperref Info: Hyper index ON on input line 6050.
Package hyperref Info: backreferencing OFF on input line 6057.
Package hyperref Info: Link coloring OFF on input line 6062.
Package hyperref Info: Link coloring with OCG OFF on input line 6067.
Package hyperref Info: PDF/A mode OFF on input line 6072.
(/home/sferrone/texlive/2025/texmf-dist/tex/latex/base/atbegshi-ltx.sty
Package: atbegshi-ltx 2021/01/10 v1.0c Emulation of the original atbegshi
package with kernel methods
)
\Hy@abspage=\count332
\c@Item=\count333
\c@Hfootnote=\count334
)
Package hyperref Info: Driver (autodetected): hpdftex.

(/home/sferrone/texlive/2025/texmf-dist/tex/latex/hyperref/hpdftex.def
File: hpdftex.def 2024-11-05 v7.01l Hyperref driver for pdfTeX

(/home/sferrone/texlive/2025/texmf-dist/tex/latex/base/atveryend-ltx.sty
Package: atveryend-ltx 2020/08/19 v1.0a Emulation of the original atveryend pac
kage
with kernel methods
)
\Fld@listcount=\count335
\c@bookmark@seq@number=\count336

(/home/sferrone/texlive/2025/texmf-dist/tex/latex/rerunfilecheck/rerunfilecheck
.sty
Package: rerunfilecheck 2022-07-10 v1.10 Rerun checks for auxiliary files (HO)

(/home/sferrone/texlive/2025/texmf-dist/tex/generic/uniquecounter/uniquecounter
.sty
Package: uniquecounter 2019/12/15 v1.4 Provide unlimited unique counter (HO)
)
Package uniquecounter Info: New unique counter `rerunfilecheck' on input line 2
85.
)
\Hy@SectionHShift=\skip132
) (/home/sferrone/texlive/2025/texmf-dist/tex/latex/xcolor/xcolor.sty
Package: xcolor 2024/09/29 v3.02 LaTeX color extensions (UK)

(/home/sferrone/texlive/2025/texmf-dist/tex/latex/graphics-cfg/color.cfg
File: color.cfg 2016/01/02 v1.6 sample color configuration
)
Package xcolor Info: Driver file: pdftex.def on input line 274.

(/home/sferrone/texlive/2025/texmf-dist/tex/latex/graphics/mathcolor.ltx)
Package xcolor Info: Model `cmy' substituted by `cmy0' on input line 1349.
Package xcolor Info: Model `hsb' substituted by `rgb' on input line 1353.
Package xcolor Info: Model `RGB' extended on input line 1365.
Package xcolor Info: Model `HTML' substituted by `rgb' on input line 1367.
Package xcolor Info: Model `Hsb' substituted by `hsb' on input line 1368.
Package xcolor Info: Model `tHsb' substituted by `hsb' on input line 1369.
Package xcolor Info: Model `HSB' substituted by `hsb' on input line 1370.
Package xcolor Info: Model `Gray' substituted by `gray' on input line 1371.
Package xcolor Info: Model `wave' substituted by `hsb' on input line 1372.
)
(/home/sferrone/texlive/2025/texmf-dist/tex/latex/l3backend/l3backend-pdftex.de
f
File: l3backend-pdftex.def 2025-04-14 L3 backend support: PDF output (pdfTeX)
\l__color_backend_stack_int=\count337
) (./aa53923-25.aux)
\openout1 = `aa53923-25.aux'.

LaTeX Font Info:    Checking defaults for OML/cmm/m/it on input line 64.
LaTeX Font Info:    ... okay on input line 64.
LaTeX Font Info:    Checking defaults for OMS/cmsy/m/n on input line 64.
LaTeX Font Info:    ... okay on input line 64.
LaTeX Font Info:    Checking defaults for OT1/cmr/m/n on input line 64.
LaTeX Font Info:    ... okay on input line 64.
LaTeX Font Info:    Checking defaults for T1/cmr/m/n on input line 64.
LaTeX Font Info:    ... okay on input line 64.
LaTeX Font Info:    Checking defaults for TS1/cmr/m/n on input line 64.
LaTeX Font Info:    ... okay on input line 64.
LaTeX Font Info:    Checking defaults for OMX/cmex/m/n on input line 64.
LaTeX Font Info:    ... okay on input line 64.
LaTeX Font Info:    Checking defaults for U/cmr/m/n on input line 64.
LaTeX Font Info:    ... okay on input line 64.
LaTeX Font Info:    Checking defaults for PD1/pdf/m/n on input line 64.
LaTeX Font Info:    ... okay on input line 64.
LaTeX Font Info:    Checking defaults for PU/pdf/m/n on input line 64.
LaTeX Font Info:    ... okay on input line 64.

*geometry* detected driver: pdftex
*geometry* verbose mode - [ preamble ] result:
* driver: pdftex
* paper: a4paper
* layout: <same size as paper>
* layoutoffset:(h,v)=(0.0pt,0.0pt)
* modes: twoside 
* h-part:(L,W,R)=(36.98859pt, 523.5307pt, 36.98859pt)
* v-part:(T,H,B)=(56.01874pt, 705.0pt, 84.0281pt)
* \paperwidth=597.50787pt
* \paperheight=845.04684pt
* \textwidth=523.5307pt
* \textheight=705.0pt
* \oddsidemargin=-35.2814pt
* \evensidemargin=-35.2814pt
* \topmargin=-40.25125pt
* \headheight=12.0pt
* \headsep=12.0pt
* \topskip=10.0pt
* \footskip=20.0pt
* \marginparwidth=0.0pt
* \marginparsep=0.0pt
* \columnsep=11.38109pt
* \skip\footins=9.0pt plus 4.0pt minus 2.0pt
* \hoffset=0.0pt
* \voffset=0.0pt
* \mag=1000
* \@twocolumntrue
* \@twosidetrue
* \@mparswitchtrue
* \@reversemarginfalse
* (1in=72.27pt=25.4mm, 1cm=28.453pt)

(/home/sferrone/texlive/2025/texmf-dist/tex/context/base/mkii/supp-pdf.mkii
[Loading MPS to PDF converter (version 2006.09.02).]
\scratchcounter=\count338
\scratchdimen=\dimen186
\scratchbox=\box71
\nofMPsegments=\count339
\nofMParguments=\count340
\everyMPshowfont=\toks36
\MPscratchCnt=\count341
\MPscratchDim=\dimen187
\MPnumerator=\count342
\makeMPintoPDFobject=\count343
\everyMPtoPDFconversion=\toks37
)
(/home/sferrone/texlive/2025/texmf-dist/tex/latex/epstopdf-pkg/epstopdf-base.st
y
Package: epstopdf-base 2020-01-24 v2.11 Base part for package epstopdf
Package epstopdf-base Info: Redefining graphics rule for `.eps' on input line 4
85.

(/home/sferrone/texlive/2025/texmf-dist/tex/latex/latexconfig/epstopdf-sys.cfg
File: epstopdf-sys.cfg 2010/07/13 v1.3 Configuration of (r)epstopdf for TeX Liv
e
))
Package hyperref Info: Link coloring OFF on input line 64.
 (./aa53923-25.out) (./aa53923-25.out)
\@outlinefile=\write3
\openout3 = `aa53923-25.out'.

LaTeX Font Info:    Trying to load font information for U+msa on input line 74.


(/home/sferrone/texlive/2025/texmf-dist/tex/latex/amsfonts/umsa.fd
File: umsa.fd 2013/01/14 v3.01 AMS symbols A
)
LaTeX Font Info:    Trying to load font information for U+msb on input line 74.


(/home/sferrone/texlive/2025/texmf-dist/tex/latex/amsfonts/umsb.fd
File: umsb.fd 2013/01/14 v3.01 AMS symbols B
)
<gallery_of_gaps_monte-carlo-000.png, id=11, 667.7748pt x 147.4308pt>
File: gallery_of_gaps_monte-carlo-000.png Graphic file (type png)
<use gallery_of_gaps_monte-carlo-000.png>
Package pdftex.def Info: gallery_of_gaps_monte-carlo-000.png  used on input lin
e 80.
(pdftex.def)             Requested size: 523.5307pt x 115.5872pt.
<tau-profile-monte-carlo-000.png, id=13, 794.97pt x 216.81pt>
File: tau-profile-monte-carlo-000.png Graphic file (type png)
<use tau-profile-monte-carlo-000.png>
Package pdftex.def Info: tau-profile-monte-carlo-000.png  used on input line 81
.
(pdftex.def)             Requested size: 523.5307pt x 142.78406pt.
<gallery_of_gaps_monte-carlo-001.png, id=14, 667.7748pt x 147.4308pt>
File: gallery_of_gaps_monte-carlo-001.png Graphic file (type png)
<use gallery_of_gaps_monte-carlo-001.png>
Package pdftex.def Info: gallery_of_gaps_monte-carlo-001.png  used on input lin
e 82.
(pdftex.def)             Requested size: 523.5307pt x 115.5872pt.
<gallery_of_gaps_monte-carlo-002.png, id=15, 667.7748pt x 147.4308pt>
File: gallery_of_gaps_monte-carlo-002.png Graphic file (type png)
<use gallery_of_gaps_monte-carlo-002.png>
Package pdftex.def Info: gallery_of_gaps_monte-carlo-002.png  used on input lin
e 83.
(pdftex.def)             Requested size: 523.5307pt x 115.5872pt.
<tau-profile-monte-carlo-002.png, id=16, 794.97pt x 216.81pt>
File: tau-profile-monte-carlo-002.png Graphic file (type png)
<use tau-profile-monte-carlo-002.png>
Package pdftex.def Info: tau-profile-monte-carlo-002.png  used on input line 84
.
(pdftex.def)             Requested size: 523.5307pt x 142.78406pt.
<gallery_of_gaps_monte-carlo-003.png, id=17, 667.7748pt x 147.4308pt>
File: gallery_of_gaps_monte-carlo-003.png Graphic file (type png)
<use gallery_of_gaps_monte-carlo-003.png>
Package pdftex.def Info: gallery_of_gaps_monte-carlo-003.png  used on input lin
e 91.
(pdftex.def)             Requested size: 523.5307pt x 115.5872pt.
<gallery_of_gaps_monte-carlo-004.png, id=18, 667.7748pt x 147.4308pt>
File: gallery_of_gaps_monte-carlo-004.png Graphic file (type png)
<use gallery_of_gaps_monte-carlo-004.png>
Package pdftex.def Info: gallery_of_gaps_monte-carlo-004.png  used on input lin
e 92.
(pdftex.def)             Requested size: 523.5307pt x 115.5872pt.
<gallery_of_gaps_monte-carlo-005.png, id=19, 667.7748pt x 147.4308pt>
File: gallery_of_gaps_monte-carlo-005.png Graphic file (type png)
<use gallery_of_gaps_monte-carlo-005.png>
Package pdftex.def Info: gallery_of_gaps_monte-carlo-005.png  used on input lin
e 93.
(pdftex.def)             Requested size: 523.5307pt x 115.5872pt.
<gallery_of_gaps_monte-carlo-006.png, id=20, 667.7748pt x 147.4308pt>
File: gallery_of_gaps_monte-carlo-006.png Graphic file (type png)
<use gallery_of_gaps_monte-carlo-006.png>
Package pdftex.def Info: gallery_of_gaps_monte-carlo-006.png  used on input lin
e 94.
(pdftex.def)             Requested size: 523.5307pt x 115.5872pt.
<tau-profile-monte-carlo-006.png, id=21, 794.97pt x 216.81pt>
File: tau-profile-monte-carlo-006.png Graphic file (type png)
<use tau-profile-monte-carlo-006.png>
Package pdftex.def Info: tau-profile-monte-carlo-006.png  used on input line 95
.
(pdftex.def)             Requested size: 523.5307pt x 142.78406pt.
<gallery_of_gaps_monte-carlo-007.png, id=22, 667.7748pt x 147.4308pt>
File: gallery_of_gaps_monte-carlo-007.png Graphic file (type png)
<use gallery_of_gaps_monte-carlo-007.png>
Package pdftex.def Info: gallery_of_gaps_monte-carlo-007.png  used on input lin
e 102.
(pdftex.def)             Requested size: 523.5307pt x 115.5872pt.
<gallery_of_gaps_monte-carlo-008.png, id=23, 667.7748pt x 147.4308pt>
File: gallery_of_gaps_monte-carlo-008.png Graphic file (type png)
<use gallery_of_gaps_monte-carlo-008.png>
Package pdftex.def Info: gallery_of_gaps_monte-carlo-008.png  used on input lin
e 103.
(pdftex.def)             Requested size: 523.5307pt x 115.5872pt.
<gallery_of_gaps_monte-carlo-009.png, id=24, 667.7748pt x 147.4308pt>
File: gallery_of_gaps_monte-carlo-009.png Graphic file (type png)
<use gallery_of_gaps_monte-carlo-009.png>
Package pdftex.def Info: gallery_of_gaps_monte-carlo-009.png  used on input lin
e 104.
(pdftex.def)             Requested size: 523.5307pt x 115.5872pt.
<gallery_of_gaps_monte-carlo-010.png, id=25, 667.7748pt x 147.4308pt>
File: gallery_of_gaps_monte-carlo-010.png Graphic file (type png)
<use gallery_of_gaps_monte-carlo-010.png>
Package pdftex.def Info: gallery_of_gaps_monte-carlo-010.png  used on input lin
e 105.
(pdftex.def)             Requested size: 523.5307pt x 115.5872pt.
<gallery_of_gaps_monte-carlo-011.png, id=26, 667.7748pt x 147.4308pt>
File: gallery_of_gaps_monte-carlo-011.png Graphic file (type png)
<use gallery_of_gaps_monte-carlo-011.png>
Package pdftex.def Info: gallery_of_gaps_monte-carlo-011.png  used on input lin
e 106.
(pdftex.def)             Requested size: 523.5307pt x 115.5872pt.
<gallery_of_gaps_monte-carlo-012.png, id=27, 667.7748pt x 147.4308pt>
File: gallery_of_gaps_monte-carlo-012.png Graphic file (type png)
<use gallery_of_gaps_monte-carlo-012.png>
Package pdftex.def Info: gallery_of_gaps_monte-carlo-012.png  used on input lin
e 113.
(pdftex.def)             Requested size: 523.5307pt x 115.5872pt.
<gallery_of_gaps_monte-carlo-013.png, id=28, 667.7748pt x 147.4308pt>
File: gallery_of_gaps_monte-carlo-013.png Graphic file (type png)
<use gallery_of_gaps_monte-carlo-013.png>
Package pdftex.def Info: gallery_of_gaps_monte-carlo-013.png  used on input lin
e 114.
(pdftex.def)             Requested size: 523.5307pt x 115.5872pt.
<gallery_of_gaps_monte-carlo-014.png, id=29, 667.7748pt x 147.4308pt>
File: gallery_of_gaps_monte-carlo-014.png Graphic file (type png)
<use gallery_of_gaps_monte-carlo-014.png>
Package pdftex.def Info: gallery_of_gaps_monte-carlo-014.png  used on input lin
e 115.
(pdftex.def)             Requested size: 523.5307pt x 115.5872pt.
<gallery_of_gaps_monte-carlo-015.png, id=30, 667.7748pt x 147.4308pt>
File: gallery_of_gaps_monte-carlo-015.png Graphic file (type png)
<use gallery_of_gaps_monte-carlo-015.png>
Package pdftex.def Info: gallery_of_gaps_monte-carlo-015.png  used on input lin
e 116.
(pdftex.def)             Requested size: 523.5307pt x 115.5872pt.
<gallery_of_gaps_monte-carlo-016.png, id=31, 667.7748pt x 147.4308pt>
File: gallery_of_gaps_monte-carlo-016.png Graphic file (type png)
<use gallery_of_gaps_monte-carlo-016.png>
Package pdftex.def Info: gallery_of_gaps_monte-carlo-016.png  used on input lin
e 117.
(pdftex.def)             Requested size: 523.5307pt x 115.5872pt.
<gallery_of_gaps_monte-carlo-017.png, id=32, 667.7748pt x 147.4308pt>
File: gallery_of_gaps_monte-carlo-017.png Graphic file (type png)
<use gallery_of_gaps_monte-carlo-017.png>
Package pdftex.def Info: gallery_of_gaps_monte-carlo-017.png  used on input lin
e 124.
(pdftex.def)             Requested size: 523.5307pt x 115.5872pt.
<gallery_of_gaps_monte-carlo-018.png, id=33, 667.7748pt x 147.4308pt>
File: gallery_of_gaps_monte-carlo-018.png Graphic file (type png)
<use gallery_of_gaps_monte-carlo-018.png>
Package pdftex.def Info: gallery_of_gaps_monte-carlo-018.png  used on input lin
e 125.
(pdftex.def)             Requested size: 523.5307pt x 115.5872pt.
<gallery_of_gaps_monte-carlo-019.png, id=34, 667.7748pt x 147.4308pt>
File: gallery_of_gaps_monte-carlo-019.png Graphic file (type png)
<use gallery_of_gaps_monte-carlo-019.png>
Package pdftex.def Info: gallery_of_gaps_monte-carlo-019.png  used on input lin
e 126.
(pdftex.def)             Requested size: 523.5307pt x 115.5872pt.
<gallery_of_gaps_monte-carlo-020.png, id=35, 667.7748pt x 147.4308pt>
File: gallery_of_gaps_monte-carlo-020.png Graphic file (type png)
<use gallery_of_gaps_monte-carlo-020.png>
Package pdftex.def Info: gallery_of_gaps_monte-carlo-020.png  used on input lin
e 127.
(pdftex.def)             Requested size: 523.5307pt x 115.5872pt.
<gallery_of_gaps_monte-carlo-021.png, id=36, 667.7748pt x 147.4308pt>
File: gallery_of_gaps_monte-carlo-021.png Graphic file (type png)
<use gallery_of_gaps_monte-carlo-021.png>
Package pdftex.def Info: gallery_of_gaps_monte-carlo-021.png  used on input lin
e 128.
(pdftex.def)             Requested size: 523.5307pt x 115.5872pt.
<gallery_of_gaps_monte-carlo-022.png, id=37, 667.7748pt x 147.4308pt>
File: gallery_of_gaps_monte-carlo-022.png Graphic file (type png)
<use gallery_of_gaps_monte-carlo-022.png>
Package pdftex.def Info: gallery_of_gaps_monte-carlo-022.png  used on input lin
e 135.
(pdftex.def)             Requested size: 523.5307pt x 115.5872pt.
<gallery_of_gaps_monte-carlo-023.png, id=38, 667.7748pt x 147.4308pt>
File: gallery_of_gaps_monte-carlo-023.png Graphic file (type png)
<use gallery_of_gaps_monte-carlo-023.png>
Package pdftex.def Info: gallery_of_gaps_monte-carlo-023.png  used on input lin
e 136.
(pdftex.def)             Requested size: 523.5307pt x 115.5872pt.
<gallery_of_gaps_monte-carlo-024.png, id=39, 667.7748pt x 147.4308pt>
File: gallery_of_gaps_monte-carlo-024.png Graphic file (type png)
<use gallery_of_gaps_monte-carlo-024.png>
Package pdftex.def Info: gallery_of_gaps_monte-carlo-024.png  used on input lin
e 137.
(pdftex.def)             Requested size: 523.5307pt x 115.5872pt.
<tau-profile-monte-carlo-024.png, id=40, 794.97pt x 216.81pt>
File: tau-profile-monte-carlo-024.png Graphic file (type png)
<use tau-profile-monte-carlo-024.png>
Package pdftex.def Info: tau-profile-monte-carlo-024.png  used on input line 13
8.
(pdftex.def)             Requested size: 523.5307pt x 142.78406pt.
<gallery_of_gaps_monte-carlo-025.png, id=41, 667.7748pt x 147.4308pt>
File: gallery_of_gaps_monte-carlo-025.png Graphic file (type png)
<use gallery_of_gaps_monte-carlo-025.png>
Package pdftex.def Info: gallery_of_gaps_monte-carlo-025.png  used on input lin
e 139.
(pdftex.def)             Requested size: 523.5307pt x 115.5872pt.
<gallery_of_gaps_monte-carlo-026.png, id=42, 667.7748pt x 147.4308pt>
File: gallery_of_gaps_monte-carlo-026.png Graphic file (type png)
<use gallery_of_gaps_monte-carlo-026.png>
Package pdftex.def Info: gallery_of_gaps_monte-carlo-026.png  used on input lin
e 146.
(pdftex.def)             Requested size: 523.5307pt x 115.5872pt.
<gallery_of_gaps_monte-carlo-027.png, id=43, 667.7748pt x 147.4308pt>
File: gallery_of_gaps_monte-carlo-027.png Graphic file (type png)
<use gallery_of_gaps_monte-carlo-027.png>
Package pdftex.def Info: gallery_of_gaps_monte-carlo-027.png  used on input lin
e 147.
(pdftex.def)             Requested size: 523.5307pt x 115.5872pt.
<gallery_of_gaps_monte-carlo-028.png, id=44, 667.7748pt x 147.4308pt>
File: gallery_of_gaps_monte-carlo-028.png Graphic file (type png)
<use gallery_of_gaps_monte-carlo-028.png>
Package pdftex.def Info: gallery_of_gaps_monte-carlo-028.png  used on input lin
e 148.
(pdftex.def)             Requested size: 523.5307pt x 115.5872pt.
<tau-profile-monte-carlo-028.png, id=45, 794.97pt x 216.81pt>
File: tau-profile-monte-carlo-028.png Graphic file (type png)
<use tau-profile-monte-carlo-028.png>
Package pdftex.def Info: tau-profile-monte-carlo-028.png  used on input line 14
9.
(pdftex.def)             Requested size: 523.5307pt x 142.78406pt.
<gallery_of_gaps_monte-carlo-029.png, id=46, 667.7748pt x 147.4308pt>
File: gallery_of_gaps_monte-carlo-029.png Graphic file (type png)
<use gallery_of_gaps_monte-carlo-029.png>
Package pdftex.def Info: gallery_of_gaps_monte-carlo-029.png  used on input lin
e 156.
(pdftex.def)             Requested size: 523.5307pt x 115.5872pt.
<tau-profile-monte-carlo-029.png, id=47, 794.97pt x 216.81pt>
File: tau-profile-monte-carlo-029.png Graphic file (type png)
<use tau-profile-monte-carlo-029.png>
Package pdftex.def Info: tau-profile-monte-carlo-029.png  used on input line 15
7.
(pdftex.def)             Requested size: 523.5307pt x 142.78406pt.
<gallery_of_gaps_monte-carlo-030.png, id=48, 667.7748pt x 147.4308pt>
File: gallery_of_gaps_monte-carlo-030.png Graphic file (type png)
<use gallery_of_gaps_monte-carlo-030.png>
Package pdftex.def Info: gallery_of_gaps_monte-carlo-030.png  used on input lin
e 158.
(pdftex.def)             Requested size: 523.5307pt x 115.5872pt.
<tau-profile-monte-carlo-030.png, id=49, 794.97pt x 216.81pt>
File: tau-profile-monte-carlo-030.png Graphic file (type png)
<use tau-profile-monte-carlo-030.png>
Package pdftex.def Info: tau-profile-monte-carlo-030.png  used on input line 15
9.
(pdftex.def)             Requested size: 523.5307pt x 142.78406pt.
<gallery_of_gaps_monte-carlo-031.png, id=50, 667.7748pt x 147.4308pt>
File: gallery_of_gaps_monte-carlo-031.png Graphic file (type png)
<use gallery_of_gaps_monte-carlo-031.png>
Package pdftex.def Info: gallery_of_gaps_monte-carlo-031.png  used on input lin
e 160.
(pdftex.def)             Requested size: 523.5307pt x 115.5872pt.
<gallery_of_gaps_monte-carlo-032.png, id=51, 667.7748pt x 147.4308pt>
File: gallery_of_gaps_monte-carlo-032.png Graphic file (type png)
<use gallery_of_gaps_monte-carlo-032.png>
Package pdftex.def Info: gallery_of_gaps_monte-carlo-032.png  used on input lin
e 167.
(pdftex.def)             Requested size: 523.5307pt x 115.5872pt.
<gallery_of_gaps_monte-carlo-033.png, id=52, 667.7748pt x 147.4308pt>
File: gallery_of_gaps_monte-carlo-033.png Graphic file (type png)
<use gallery_of_gaps_monte-carlo-033.png>
Package pdftex.def Info: gallery_of_gaps_monte-carlo-033.png  used on input lin
e 168.
(pdftex.def)             Requested size: 523.5307pt x 115.5872pt.
<gallery_of_gaps_monte-carlo-034.png, id=53, 667.7748pt x 147.4308pt>
File: gallery_of_gaps_monte-carlo-034.png Graphic file (type png)
<use gallery_of_gaps_monte-carlo-034.png>
Package pdftex.def Info: gallery_of_gaps_monte-carlo-034.png  used on input lin
e 169.
(pdftex.def)             Requested size: 523.5307pt x 115.5872pt.
<gallery_of_gaps_monte-carlo-035.png, id=54, 667.7748pt x 147.4308pt>
File: gallery_of_gaps_monte-carlo-035.png Graphic file (type png)
<use gallery_of_gaps_monte-carlo-035.png>
Package pdftex.def Info: gallery_of_gaps_monte-carlo-035.png  used on input lin
e 170.
(pdftex.def)             Requested size: 523.5307pt x 115.5872pt.
<gallery_of_gaps_monte-carlo-036.png, id=55, 667.7748pt x 147.4308pt>
File: gallery_of_gaps_monte-carlo-036.png Graphic file (type png)
<use gallery_of_gaps_monte-carlo-036.png>
Package pdftex.def Info: gallery_of_gaps_monte-carlo-036.png  used on input lin
e 171.
(pdftex.def)             Requested size: 523.5307pt x 115.5872pt.
<gallery_of_gaps_monte-carlo-037.png, id=56, 667.7748pt x 147.4308pt>
File: gallery_of_gaps_monte-carlo-037.png Graphic file (type png)
<use gallery_of_gaps_monte-carlo-037.png>
Package pdftex.def Info: gallery_of_gaps_monte-carlo-037.png  used on input lin
e 178.
(pdftex.def)             Requested size: 523.5307pt x 115.5872pt.
<gallery_of_gaps_monte-carlo-038.png, id=57, 667.7748pt x 147.4308pt>
File: gallery_of_gaps_monte-carlo-038.png Graphic file (type png)
<use gallery_of_gaps_monte-carlo-038.png>
Package pdftex.def Info: gallery_of_gaps_monte-carlo-038.png  used on input lin
e 179.
(pdftex.def)             Requested size: 523.5307pt x 115.5872pt.
<gallery_of_gaps_monte-carlo-039.png, id=58, 667.7748pt x 147.4308pt>
File: gallery_of_gaps_monte-carlo-039.png Graphic file (type png)
<use gallery_of_gaps_monte-carlo-039.png>
Package pdftex.def Info: gallery_of_gaps_monte-carlo-039.png  used on input lin
e 180.
(pdftex.def)             Requested size: 523.5307pt x 115.5872pt.
<gallery_of_gaps_monte-carlo-040.png, id=59, 667.7748pt x 147.4308pt>
File: gallery_of_gaps_monte-carlo-040.png Graphic file (type png)
<use gallery_of_gaps_monte-carlo-040.png>
Package pdftex.def Info: gallery_of_gaps_monte-carlo-040.png  used on input lin
e 181.
(pdftex.def)             Requested size: 523.5307pt x 115.5872pt.
<gallery_of_gaps_monte-carlo-041.png, id=60, 667.7748pt x 147.4308pt>
File: gallery_of_gaps_monte-carlo-041.png Graphic file (type png)
<use gallery_of_gaps_monte-carlo-041.png>
Package pdftex.def Info: gallery_of_gaps_monte-carlo-041.png  used on input lin
e 182.
(pdftex.def)             Requested size: 523.5307pt x 115.5872pt.
<gallery_of_gaps_monte-carlo-042.png, id=61, 667.7748pt x 147.4308pt>
File: gallery_of_gaps_monte-carlo-042.png Graphic file (type png)
<use gallery_of_gaps_monte-carlo-042.png>
Package pdftex.def Info: gallery_of_gaps_monte-carlo-042.png  used on input lin
e 189.
(pdftex.def)             Requested size: 523.5307pt x 115.5872pt.
<gallery_of_gaps_monte-carlo-043.png, id=62, 667.7748pt x 147.4308pt>
File: gallery_of_gaps_monte-carlo-043.png Graphic file (type png)
<use gallery_of_gaps_monte-carlo-043.png>
Package pdftex.def Info: gallery_of_gaps_monte-carlo-043.png  used on input lin
e 190.
(pdftex.def)             Requested size: 523.5307pt x 115.5872pt.
<gallery_of_gaps_monte-carlo-044.png, id=63, 667.7748pt x 147.4308pt>
File: gallery_of_gaps_monte-carlo-044.png Graphic file (type png)
<use gallery_of_gaps_monte-carlo-044.png>
Package pdftex.def Info: gallery_of_gaps_monte-carlo-044.png  used on input lin
e 191.
(pdftex.def)             Requested size: 523.5307pt x 115.5872pt.
<tau-profile-monte-carlo-044.png, id=64, 794.97pt x 216.81pt>
File: tau-profile-monte-carlo-044.png Graphic file (type png)
<use tau-profile-monte-carlo-044.png>
Package pdftex.def Info: tau-profile-monte-carlo-044.png  used on input line 19
2.
(pdftex.def)             Requested size: 523.5307pt x 142.78406pt.
<gallery_of_gaps_monte-carlo-045.png, id=65, 667.7748pt x 147.4308pt>
File: gallery_of_gaps_monte-carlo-045.png Graphic file (type png)
<use gallery_of_gaps_monte-carlo-045.png>
Package pdftex.def Info: gallery_of_gaps_monte-carlo-045.png  used on input lin
e 193.
(pdftex.def)             Requested size: 523.5307pt x 115.5872pt.
<gallery_of_gaps_monte-carlo-046.png, id=66, 667.7748pt x 147.4308pt>
File: gallery_of_gaps_monte-carlo-046.png Graphic file (type png)
<use gallery_of_gaps_monte-carlo-046.png>
Package pdftex.def Info: gallery_of_gaps_monte-carlo-046.png  used on input lin
e 200.
(pdftex.def)             Requested size: 523.5307pt x 115.5872pt.
<gallery_of_gaps_monte-carlo-047.png, id=67, 667.7748pt x 147.4308pt>
File: gallery_of_gaps_monte-carlo-047.png Graphic file (type png)
<use gallery_of_gaps_monte-carlo-047.png>
Package pdftex.def Info: gallery_of_gaps_monte-carlo-047.png  used on input lin
e 201.
(pdftex.def)             Requested size: 523.5307pt x 115.5872pt.
<gallery_of_gaps_monte-carlo-048.png, id=68, 667.7748pt x 147.4308pt>
File: gallery_of_gaps_monte-carlo-048.png Graphic file (type png)
<use gallery_of_gaps_monte-carlo-048.png>
Package pdftex.def Info: gallery_of_gaps_monte-carlo-048.png  used on input lin
e 202.
(pdftex.def)             Requested size: 523.5307pt x 115.5872pt.
<tau-profile-monte-carlo-048.png, id=69, 794.97pt x 216.81pt>
File: tau-profile-monte-carlo-048.png Graphic file (type png)
<use tau-profile-monte-carlo-048.png>
Package pdftex.def Info: tau-profile-monte-carlo-048.png  used on input line 20
3.
(pdftex.def)             Requested size: 523.5307pt x 142.78406pt.
<gallery_of_gaps_monte-carlo-049.png, id=70, 667.7748pt x 147.4308pt>
File: gallery_of_gaps_monte-carlo-049.png Graphic file (type png)
<use gallery_of_gaps_monte-carlo-049.png>
Package pdftex.def Info: gallery_of_gaps_monte-carlo-049.png  used on input lin
e 204.
(pdftex.def)             Requested size: 523.5307pt x 115.5872pt.





Package hyperref Warning: Suppressing link with empty target on input line 209.


[1{/home/sferrone/texlive/2025/texmf-var/fonts/map/pdftex/updmap/pdftex.map}{/h
ome/sferrone/texlive/2025/texmf-dist/fonts/enc/dvips/cm-super/cm-super-t1.enc}{
/home/sferrone/texlive/2025/texmf-dist/fonts/enc/dvips/cm-super/cm-super-ts1.en
c}



]

Package hyperref Warning: Suppressing link with empty target on input line 209.


[2 <./gallery_of_gaps_monte-carlo-000.png> <./tau-profile-monte-carlo-000.png> 
<./gallery_of_gaps_monte-carlo-001.png> <./gallery_of_gaps_monte-carlo-002.png>
 <./tau-profile-monte-carlo-002.png>]

Package hyperref Warning: Suppressing link with empty target on input line 209.


[3 <./gallery_of_gaps_monte-carlo-003.png> <./gallery_of_gaps_monte-carlo-004.p
ng> <./gallery_of_gaps_monte-carlo-005.png> <./gallery_of_gaps_monte-carlo-006.
png> <./tau-profile-monte-carlo-006.png>]

Package hyperref Warning: Suppressing link with empty target on input line 209.


[4 <./gallery_of_gaps_monte-carlo-007.png> <./gallery_of_gaps_monte-carlo-008.p
ng> <./gallery_of_gaps_monte-carlo-009.png> <./gallery_of_gaps_monte-carlo-010.
png> <./gallery_of_gaps_monte-carlo-011.png>]

Package hyperref Warning: Suppressing link with empty target on input line 209.


[5 <./gallery_of_gaps_monte-carlo-012.png> <./gallery_of_gaps_monte-carlo-013.p
ng> <./gallery_of_gaps_monte-carlo-014.png> <./gallery_of_gaps_monte-carlo-015.
png> <./gallery_of_gaps_monte-carlo-016.png>]

Package hyperref Warning: Suppressing link with empty target on input line 209.


[6 <./gallery_of_gaps_monte-carlo-017.png> <./gallery_of_gaps_monte-carlo-018.p
ng> <./gallery_of_gaps_monte-carlo-019.png> <./gallery_of_gaps_monte-carlo-020.
png> <./gallery_of_gaps_monte-carlo-021.png>]

Package hyperref Warning: Suppressing link with empty target on input line 209.


[7 <./gallery_of_gaps_monte-carlo-022.png> <./gallery_of_gaps_monte-carlo-023.p
ng> <./gallery_of_gaps_monte-carlo-024.png> <./tau-profile-monte-carlo-024.png>
 <./gallery_of_gaps_monte-carlo-025.png>]

Package hyperref Warning: Suppressing link with empty target on input line 209.


[8 <./gallery_of_gaps_monte-carlo-026.png> <./gallery_of_gaps_monte-carlo-027.p
ng> <./gallery_of_gaps_monte-carlo-028.png> <./tau-profile-monte-carlo-028.png>
]

Package hyperref Warning: Suppressing link with empty target on input line 209.


[9 <./gallery_of_gaps_monte-carlo-029.png> <./tau-profile-monte-carlo-029.png> 
<./gallery_of_gaps_monte-carlo-030.png> <./tau-profile-monte-carlo-030.png> <./
gallery_of_gaps_monte-carlo-031.png>]

Package hyperref Warning: Suppressing link with empty target on input line 209.


[10 <./gallery_of_gaps_monte-carlo-032.png> <./gallery_of_gaps_monte-carlo-033.
png> <./gallery_of_gaps_monte-carlo-034.png> <./gallery_of_gaps_monte-carlo-035
.png> <./gallery_of_gaps_monte-carlo-036.png>]

Package hyperref Warning: Suppressing link with empty target on input line 209.


[11 <./gallery_of_gaps_monte-carlo-037.png> <./gallery_of_gaps_monte-carlo-038.
png> <./gallery_of_gaps_monte-carlo-039.png> <./gallery_of_gaps_monte-carlo-040
.png> <./gallery_of_gaps_monte-carlo-041.png>]

Package hyperref Warning: Suppressing link with empty target on input line 209.


[12 <./gallery_of_gaps_monte-carlo-042.png> <./gallery_of_gaps_monte-carlo-043.
png> <./gallery_of_gaps_monte-carlo-044.png> <./tau-profile-monte-carlo-044.png
> <./gallery_of_gaps_monte-carlo-045.png>]

Package hyperref Warning: Suppressing link with empty target on input line 209.


[13 <./gallery_of_gaps_monte-carlo-046.png> <./gallery_of_gaps_monte-carlo-047.
png> <./gallery_of_gaps_monte-carlo-048.png> <./tau-profile-monte-carlo-048.png
> <./gallery_of_gaps_monte-carlo-049.png>] (./aa53923-25.aux) ) 
Here is how much of TeX's memory you used:
 14605 strings out of 469590
 235759 string characters out of 5468262
 659880 words of memory out of 5000000
 41204 multiletter control sequences out of 15000+600000
 651965 words of font info for 96 fonts, out of 8000000 for 9000
 1141 hyphenation exceptions out of 8191
 87i,11n,93p,816b,498s stack positions out of 10000i,1000n,20000p,200000b,200000s
</home/sferrone/
texlive/2025/texmf-dist/fonts/type1/public/amsfonts/cm/cmmi8.pfb></home/sferron
e/texlive/2025/texmf-dist/fonts/type1/public/amsfonts/cm/cmr8.pfb></home/sferro
ne/texlive/2025/texmf-dist/fonts/type1/public/cm-super/sfbx0900.pfb></home/sfer
rone/texlive/2025/texmf-dist/fonts/type1/public/cm-super/sfrm0600.pfb></home/sf
errone/texlive/2025/texmf-dist/fonts/type1/public/cm-super/sfrm0900.pfb></home/
sferrone/texlive/2025/texmf-dist/fonts/type1/public/cm-super/sfrm1000.pfb></hom
e/sferrone/texlive/2025/texmf-dist/fonts/type1/public/cm-super/sfrm1095.pfb></h
ome/sferrone/texlive/2025/texmf-dist/fonts/type1/public/cm-super/sfsi0900.pfb><
/home/sferrone/texlive/2025/texmf-dist/fonts/type1/public/cm-super/sfsl0900.pfb
></home/sferrone/texlive/2025/texmf-dist/fonts/type1/public/cm-super/sfsl1000.p
fb></home/sferrone/texlive/2025/texmf-dist/fonts/type1/public/cm-super/sfss0800
.pfb></home/sferrone/texlive/2025/texmf-dist/fonts/type1/public/cm-super/sfsx09
00.pfb></home/sferrone/texlive/2025/texmf-dist/fonts/type1/public/cm-super/sfsx
1095.pfb></home/sferrone/texlive/2025/texmf-dist/fonts/type1/public/cm-super/sf
sx1440.pfb></home/sferrone/texlive/2025/texmf-dist/fonts/type1/public/cm-super/
sfsx1728.pfb></home/sferrone/texlive/2025/texmf-dist/fonts/type1/public/cm-supe
r/sftt0900.pfb></home/sferrone/texlive/2025/texmf-dist/fonts/type1/public/cm-su
per/sftt1000.pfb>
Output written on aa53923-25.pdf (13 pages, 28151169 bytes).
PDF statistics:
 313 PDF objects out of 1000 (max. 8388607)
 143 compressed objects within 2 object streams
 37 named destinations out of 1000 (max. 500000)
 304 words of extra memory for PDF output out of 10000 (max. 10000000)

